This is pdfTeX, Version 3.141592653-2.6-1.40.27 (TeX Live 2025/nixos.org) (preloaded format=pdflatex 1980.1.1)  22 JUN 2026 12:00
entering extended mode
 restricted \write18 enabled.
 %&-line parsing enabled.
**/home/john/chronofile/scratchpads/org-latex/test.tex
(/home/john/chronofile/scratchpads/org-latex/test.tex
LaTeX2e <2025-06-01> patch level 1
L3 programming layer <2025-06-09>

(/nix/store/m58y0fr4dyjw33vf5vjhs8knm0plxa9v-texlive-combined-2025-texmfdist/te
x/latex/base/article.cls
Document Class: article 2025/01/22 v1.4n Standard LaTeX document class

(/nix/store/m58y0fr4dyjw33vf5vjhs8knm0plxa9v-texlive-combined-2025-texmfdist/te
x/latex/base/size11.clo
File: size11.clo 2025/01/22 v1.4n Standard LaTeX file (size option)
)
\c@part=\count275
\c@section=\count276
\c@subsection=\count277
\c@subsubsection=\count278
\c@paragraph=\count279
\c@subparagraph=\count280
\c@figure=\count281
\c@table=\count282
\abovecaptionskip=\skip49
\belowcaptionskip=\skip50
\bibindent=\dimen148
)
(/nix/store/m58y0fr4dyjw33vf5vjhs8knm0plxa9v-texlive-combined-2025-texmfdist/te
x/latex/base/inputenc.sty
Package: inputenc 2024/02/08 v1.3d Input encoding file
\inpenc@prehook=\toks17
\inpenc@posthook=\toks18
)
(/nix/store/m58y0fr4dyjw33vf5vjhs8knm0plxa9v-texlive-combined-2025-texmfdist/te
x/latex/base/fontenc.sty
Package: fontenc 2024/12/21 v2.1c Standard LaTeX package
)
(/nix/store/m58y0fr4dyjw33vf5vjhs8knm0plxa9v-texlive-combined-2025-texmfdist/te
x/latex/graphics/graphicx.sty
Package: graphicx 2024/12/31 v1.2e Enhanced LaTeX Graphics (DPC,SPQR)

(/nix/store/m58y0fr4dyjw33vf5vjhs8knm0plxa9v-texlive-combined-2025-texmfdist/te
x/latex/graphics/keyval.sty
Package: keyval 2022/05/29 v1.15 key=value parser (DPC)
\KV@toks@=\toks19
)
(/nix/store/m58y0fr4dyjw33vf5vjhs8knm0plxa9v-texlive-combined-2025-texmfdist/te
x/latex/graphics/graphics.sty
Package: graphics 2024/08/06 v1.4g Standard LaTeX Graphics (DPC,SPQR)

(/nix/store/m58y0fr4dyjw33vf5vjhs8knm0plxa9v-texlive-combined-2025-texmfdist/te
x/latex/graphics/trig.sty
Package: trig 2023/12/02 v1.11 sin cos tan (DPC)
)
(/nix/store/m58y0fr4dyjw33vf5vjhs8knm0plxa9v-texlive-combined-2025-texmfdist/te
x/latex/graphics-cfg/graphics.cfg
File: graphics.cfg 2016/06/04 v1.11 sample graphics configuration
)
Package graphics Info: Driver file: pdftex.def on input line 106.

(/nix/store/m58y0fr4dyjw33vf5vjhs8knm0plxa9v-texlive-combined-2025-texmfdist/te
x/latex/graphics-def/pdftex.def
File: pdftex.def 2024/04/13 v1.2c Graphics/color driver for pdftex
))
\Gin@req@height=\dimen149
\Gin@req@width=\dimen150
)
(/nix/store/m58y0fr4dyjw33vf5vjhs8knm0plxa9v-texlive-combined-2025-texmfdist/te
x/latex/tools/longtable.sty
Package: longtable 2024-12-18 v4.23 Multi-page Table package (DPC)
\LTleft=\skip51
\LTright=\skip52
\LTpre=\skip53
\LTpost=\skip54
\LTchunksize=\count283
\LTcapwidth=\dimen151
\LT@head=\box53
\LT@firsthead=\box54
\LT@foot=\box55
\LT@lastfoot=\box56
\LT@gbox=\box57
\LT@cols=\count284
\LT@rows=\count285
\c@LT@tables=\count286
\c@LT@chunks=\count287
\LT@p@ftn=\toks20
)
(/nix/store/m58y0fr4dyjw33vf5vjhs8knm0plxa9v-texlive-combined-2025-texmfdist/te
x/latex/wrapfig/wrapfig.sty
\wrapoverhang=\dimen152
\WF@size=\dimen153
\c@WF@wrappedlines=\count288
\WF@box=\box58
\WF@everypar=\toks21
Package: wrapfig 2003/01/31  v 3.6
)
(/nix/store/m58y0fr4dyjw33vf5vjhs8knm0plxa9v-texlive-combined-2025-texmfdist/te
x/latex/graphics/rotating.sty
Package: rotating 2025/01/14 v2.16e rotated objects in LaTeX

(/nix/store/m58y0fr4dyjw33vf5vjhs8knm0plxa9v-texlive-combined-2025-texmfdist/te
x/latex/base/ifthen.sty
Package: ifthen 2024/03/16 v1.1e Standard LaTeX ifthen package (DPC)
)
\c@r@tfl@t=\count289
\rotFPtop=\skip55
\rotFPbot=\skip56
\rot@float@box=\box59
\rot@mess@toks=\toks22
)
(/nix/store/m58y0fr4dyjw33vf5vjhs8knm0plxa9v-texlive-combined-2025-texmfdist/te
x/generic/ulem/ulem.sty
\UL@box=\box60
\UL@hyphenbox=\box61
\UL@skip=\skip57
\UL@hook=\toks23
\UL@height=\dimen154
\UL@pe=\count290
\UL@pixel=\dimen155
\ULC@box=\box62
Package: ulem 2019/11/18
\ULdepth=\dimen156
)
(/nix/store/m58y0fr4dyjw33vf5vjhs8knm0plxa9v-texlive-combined-2025-texmfdist/te
x/latex/amsmath/amsmath.sty
Package: amsmath 2025/06/16 v2.17y AMS math features
\@mathmargin=\skip58

For additional information on amsmath, use the `?' option.

(/nix/store/m58y0fr4dyjw33vf5vjhs8knm0plxa9v-texlive-combined-2025-texmfdist/te
x/latex/amsmath/amstext.sty
Package: amstext 2024/11/17 v2.01 AMS text

(/nix/store/m58y0fr4dyjw33vf5vjhs8knm0plxa9v-texlive-combined-2025-texmfdist/te
x/latex/amsmath/amsgen.sty
File: amsgen.sty 1999/11/30 v2.0 generic functions
\@emptytoks=\toks24
\ex@=\dimen157
))
(/nix/store/m58y0fr4dyjw33vf5vjhs8knm0plxa9v-texlive-combined-2025-texmfdist/te
x/latex/amsmath/amsbsy.sty
Package: amsbsy 1999/11/29 v1.2d Bold Symbols
\pmbraise@=\dimen158
)
(/nix/store/m58y0fr4dyjw33vf5vjhs8knm0plxa9v-texlive-combined-2025-texmfdist/te
x/latex/amsmath/amsopn.sty
Package: amsopn 2022/04/08 v2.04 operator names
)
\inf@bad=\count291
LaTeX Info: Redefining \frac on input line 233.
\uproot@=\count292
\leftroot@=\count293
LaTeX Info: Redefining \overline on input line 398.
LaTeX Info: Redefining \colon on input line 409.
\classnum@=\count294
\DOTSCASE@=\count295
LaTeX Info: Redefining \ldots on input line 495.
LaTeX Info: Redefining \dots on input line 498.
LaTeX Info: Redefining \cdots on input line 619.
\Mathstrutbox@=\box63
\strutbox@=\box64
LaTeX Info: Redefining \big on input line 721.
LaTeX Info: Redefining \Big on input line 722.
LaTeX Info: Redefining \bigg on input line 723.
LaTeX Info: Redefining \Bigg on input line 724.
\big@size=\dimen159
LaTeX Font Info:    Redeclaring font encoding OML on input line 742.
LaTeX Font Info:    Redeclaring font encoding OMS on input line 743.
\macc@depth=\count296
LaTeX Info: Redefining \bmod on input line 904.
LaTeX Info: Redefining \pmod on input line 909.
LaTeX Info: Redefining \smash on input line 939.
LaTeX Info: Redefining \relbar on input line 969.
LaTeX Info: Redefining \Relbar on input line 970.
\c@MaxMatrixCols=\count297
\dotsspace@=\muskip17
\c@parentequation=\count298
\dspbrk@lvl=\count299
\tag@help=\toks25
\row@=\count300
\column@=\count301
\maxfields@=\count302
\andhelp@=\toks26
\eqnshift@=\dimen160
\alignsep@=\dimen161
\tagshift@=\dimen162
\tagwidth@=\dimen163
\totwidth@=\dimen164
\lineht@=\dimen165
\@envbody=\toks27
\multlinegap=\skip59
\multlinetaggap=\skip60
\mathdisplay@stack=\toks28
LaTeX Info: Redefining \[ on input line 2949.
LaTeX Info: Redefining \] on input line 2950.
)
(/nix/store/m58y0fr4dyjw33vf5vjhs8knm0plxa9v-texlive-combined-2025-texmfdist/te
x/latex/amsfonts/amssymb.sty
Package: amssymb 2013/01/14 v3.01 AMS font symbols

(/nix/store/m58y0fr4dyjw33vf5vjhs8knm0plxa9v-texlive-combined-2025-texmfdist/te
x/latex/amsfonts/amsfonts.sty
Package: amsfonts 2013/01/14 v3.01 Basic AMSFonts support
\symAMSa=\mathgroup4
\symAMSb=\mathgroup5
LaTeX Font Info:    Redeclaring math symbol \hbar on input line 98.
LaTeX Font Info:    Overwriting math alphabet `\mathfrak' in version `bold'
(Font)                  U/euf/m/n --> U/euf/b/n on input line 106.
))
(/nix/store/m58y0fr4dyjw33vf5vjhs8knm0plxa9v-texlive-combined-2025-texmfdist/te
x/latex/capt-of/capt-of.sty
Package: capt-of 2009/12/29 v0.2 standard captions outside of floats
)
(/nix/store/m58y0fr4dyjw33vf5vjhs8knm0plxa9v-texlive-combined-2025-texmfdist/te
x/latex/hyperref/hyperref.sty
Package: hyperref 2025-06-21 v7.01n Hypertext links for LaTeX

(/nix/store/m58y0fr4dyjw33vf5vjhs8knm0plxa9v-texlive-combined-2025-texmfdist/te
x/generic/iftex/iftex.sty
Package: iftex 2024/12/12 v1.0g TeX engine tests
)
(/nix/store/m58y0fr4dyjw33vf5vjhs8knm0plxa9v-texlive-combined-2025-texmfdist/te
x/latex/kvsetkeys/kvsetkeys.sty
Package: kvsetkeys 2022-10-05 v1.19 Key value parser (HO)
)
(/nix/store/m58y0fr4dyjw33vf5vjhs8knm0plxa9v-texlive-combined-2025-texmfdist/te
x/generic/kvdefinekeys/kvdefinekeys.sty
Package: kvdefinekeys 2019-12-19 v1.6 Define keys (HO)
)
(/nix/store/m58y0fr4dyjw33vf5vjhs8knm0plxa9v-texlive-combined-2025-texmfdist/te
x/generic/pdfescape/pdfescape.sty
Package: pdfescape 2019/12/09 v1.15 Implements pdfTeX's escape features (HO)

(/nix/store/m58y0fr4dyjw33vf5vjhs8knm0plxa9v-texlive-combined-2025-texmfdist/te
x/generic/ltxcmds/ltxcmds.sty
Package: ltxcmds 2023-12-04 v1.26 LaTeX kernel commands for general use (HO)
)
(/nix/store/m58y0fr4dyjw33vf5vjhs8knm0plxa9v-texlive-combined-2025-texmfdist/te
x/generic/pdftexcmds/pdftexcmds.sty
Package: pdftexcmds 2020-06-27 v0.33 Utility functions of pdfTeX for LuaTeX (HO
)

(/nix/store/m58y0fr4dyjw33vf5vjhs8knm0plxa9v-texlive-combined-2025-texmfdist/te
x/generic/infwarerr/infwarerr.sty
Package: infwarerr 2019/12/03 v1.5 Providing info/warning/error messages (HO)
)
Package pdftexcmds Info: \pdf@primitive is available.
Package pdftexcmds Info: \pdf@ifprimitive is available.
Package pdftexcmds Info: \pdfdraftmode found.
))
(/nix/store/m58y0fr4dyjw33vf5vjhs8knm0plxa9v-texlive-combined-2025-texmfdist/te
x/latex/hycolor/hycolor.sty
Package: hycolor 2020-01-27 v1.10 Color options for hyperref/bookmark (HO)
)
(/nix/store/m58y0fr4dyjw33vf5vjhs8knm0plxa9v-texlive-combined-2025-texmfdist/te
x/latex/hyperref/nameref.sty
Package: nameref 2025-06-21 v2.57 Cross-referencing by name of section

(/nix/store/m58y0fr4dyjw33vf5vjhs8knm0plxa9v-texlive-combined-2025-texmfdist/te
x/latex/refcount/refcount.sty
Package: refcount 2019/12/15 v3.6 Data extraction from label references (HO)
)
(/nix/store/m58y0fr4dyjw33vf5vjhs8knm0plxa9v-texlive-combined-2025-texmfdist/te
x/generic/gettitlestring/gettitlestring.sty
Package: gettitlestring 2019/12/15 v1.6 Cleanup title references (HO)

(/nix/store/m58y0fr4dyjw33vf5vjhs8knm0plxa9v-texlive-combined-2025-texmfdist/te
x/latex/kvoptions/kvoptions.sty
Package: kvoptions 2022-06-15 v3.15 Key value format for package options (HO)
))
\c@section@level=\count303
)
(/nix/store/m58y0fr4dyjw33vf5vjhs8knm0plxa9v-texlive-combined-2025-texmfdist/te
x/latex/etoolbox/etoolbox.sty
Package: etoolbox 2025/02/11 v2.5l e-TeX tools for LaTeX (JAW)
\etb@tempcnta=\count304
)
(/nix/store/m58y0fr4dyjw33vf5vjhs8knm0plxa9v-texlive-combined-2025-texmfdist/te
x/generic/stringenc/stringenc.sty
Package: stringenc 2019/11/29 v1.12 Convert strings between diff. encodings (HO
)
)
\@linkdim=\dimen166
\Hy@linkcounter=\count305
\Hy@pagecounter=\count306

(/nix/store/m58y0fr4dyjw33vf5vjhs8knm0plxa9v-texlive-combined-2025-texmfdist/te
x/latex/hyperref/pd1enc.def
File: pd1enc.def 2025-06-21 v7.01n Hyperref: PDFDocEncoding definition (HO)
Now handling font encoding PD1 ...
... no UTF-8 mapping file for font encoding PD1
)
(/nix/store/m58y0fr4dyjw33vf5vjhs8knm0plxa9v-texlive-combined-2025-texmfdist/te
x/generic/intcalc/intcalc.sty
Package: intcalc 2019/12/15 v1.3 Expandable calculations with integers (HO)
)
\Hy@SavedSpaceFactor=\count307

(/nix/store/m58y0fr4dyjw33vf5vjhs8knm0plxa9v-texlive-combined-2025-texmfdist/te
x/latex/hyperref/puenc.def
File: puenc.def 2025-06-21 v7.01n Hyperref: PDF Unicode definition (HO)
Now handling font encoding PU ...
... no UTF-8 mapping file for font encoding PU
)
Package hyperref Info: Hyper figures OFF on input line 4181.
Package hyperref Info: Link nesting OFF on input line 4186.
Package hyperref Info: Hyper index ON on input line 4189.
Package hyperref Info: Plain pages OFF on input line 4196.
Package hyperref Info: Backreferencing OFF on input line 4201.
Package hyperref Info: Implicit mode ON; LaTeX internals redefined.
Package hyperref Info: Bookmarks ON on input line 4448.
\c@Hy@tempcnt=\count308

(/nix/store/m58y0fr4dyjw33vf5vjhs8knm0plxa9v-texlive-combined-2025-texmfdist/te
x/latex/url/url.sty
\Urlmuskip=\muskip18
Package: url 2013/09/16  ver 3.4  Verb mode for urls, etc.
)
LaTeX Info: Redefining \url on input line 4787.
\XeTeXLinkMargin=\dimen167

(/nix/store/m58y0fr4dyjw33vf5vjhs8knm0plxa9v-texlive-combined-2025-texmfdist/te
x/generic/bitset/bitset.sty
Package: bitset 2019/12/09 v1.3 Handle bit-vector datatype (HO)

(/nix/store/m58y0fr4dyjw33vf5vjhs8knm0plxa9v-texlive-combined-2025-texmfdist/te
x/generic/bigintcalc/bigintcalc.sty
Package: bigintcalc 2019/12/15 v1.5 Expandable calculations on big integers (HO
)
))
\Fld@menulength=\count309
\Field@Width=\dimen168
\Fld@charsize=\dimen169
Package hyperref Info: Hyper figures OFF on input line 6066.
Package hyperref Info: Link nesting OFF on input line 6071.
Package hyperref Info: Hyper index ON on input line 6074.
Package hyperref Info: backreferencing OFF on input line 6081.
Package hyperref Info: Link coloring OFF on input line 6086.
Package hyperref Info: Link coloring with OCG OFF on input line 6091.
Package hyperref Info: PDF/A mode OFF on input line 6096.
\Hy@abspage=\count310
\c@Item=\count311
\c@Hfootnote=\count312
)
Package hyperref Info: Driver (autodetected): hpdftex.

(/nix/store/m58y0fr4dyjw33vf5vjhs8knm0plxa9v-texlive-combined-2025-texmfdist/te
x/latex/hyperref/hpdftex.def
File: hpdftex.def 2025-06-21 v7.01n Hyperref driver for pdfTeX
\Fld@listcount=\count313
\c@bookmark@seq@number=\count314

(/nix/store/m58y0fr4dyjw33vf5vjhs8knm0plxa9v-texlive-combined-2025-texmfdist/te
x/latex/rerunfilecheck/rerunfilecheck.sty
Package: rerunfilecheck 2025-06-21 v1.11 Rerun checks for auxiliary files (HO)

(/nix/store/m58y0fr4dyjw33vf5vjhs8knm0plxa9v-texlive-combined-2025-texmfdist/te
x/generic/uniquecounter/uniquecounter.sty
Package: uniquecounter 2019/12/15 v1.4 Provide unlimited unique counter (HO)
)
Package uniquecounter Info: New unique counter `rerunfilecheck' on input line 2
84.
)
\Hy@SectionHShift=\skip61
)
(/nix/store/m58y0fr4dyjw33vf5vjhs8knm0plxa9v-texlive-combined-2025-texmfdist/te
x/latex/l3backend/l3backend-pdftex.def
File: l3backend-pdftex.def 2025-06-09 L3 backend support: PDF output (pdfTeX)
\l__color_backend_stack_int=\count315
) (./test.aux)
\openout1 = `test.aux'.

LaTeX Font Info:    Checking defaults for OML/cmm/m/it on input line 24.
LaTeX Font Info:    ... okay on input line 24.
LaTeX Font Info:    Checking defaults for OMS/cmsy/m/n on input line 24.
LaTeX Font Info:    ... okay on input line 24.
LaTeX Font Info:    Checking defaults for OT1/cmr/m/n on input line 24.
LaTeX Font Info:    ... okay on input line 24.
LaTeX Font Info:    Checking defaults for T1/cmr/m/n on input line 24.
LaTeX Font Info:    ... okay on input line 24.
LaTeX Font Info:    Checking defaults for TS1/cmr/m/n on input line 24.
LaTeX Font Info:    ... okay on input line 24.
LaTeX Font Info:    Checking defaults for OMX/cmex/m/n on input line 24.
LaTeX Font Info:    ... okay on input line 24.
LaTeX Font Info:    Checking defaults for U/cmr/m/n on input line 24.
LaTeX Font Info:    ... okay on input line 24.
LaTeX Font Info:    Checking defaults for PD1/pdf/m/n on input line 24.
LaTeX Font Info:    ... okay on input line 24.
LaTeX Font Info:    Checking defaults for PU/pdf/m/n on input line 24.
LaTeX Font Info:    ... okay on input line 24.

(/nix/store/m58y0fr4dyjw33vf5vjhs8knm0plxa9v-texlive-combined-2025-texmfdist/te
x/context/base/mkii/supp-pdf.mkii
[Loading MPS to PDF converter (version 2006.09.02).]
\scratchcounter=\count316
\scratchdimen=\dimen170
\scratchbox=\box65
\nofMPsegments=\count317
\nofMParguments=\count318
\everyMPshowfont=\toks29
\MPscratchCnt=\count319
\MPscratchDim=\dimen171
\MPnumerator=\count320
\makeMPintoPDFobject=\count321
\everyMPtoPDFconversion=\toks30
)
(/nix/store/m58y0fr4dyjw33vf5vjhs8knm0plxa9v-texlive-combined-2025-texmfdist/te
x/latex/epstopdf-pkg/epstopdf-base.sty
Package: epstopdf-base 2020-01-24 v2.11 Base part for package epstopdf
Package epstopdf-base Info: Redefining graphics rule for `.eps' on input line 4
85.

(/nix/store/m58y0fr4dyjw33vf5vjhs8knm0plxa9v-texlive-combined-2025-texmfdist/te
x/latex/latexconfig/epstopdf-sys.cfg
File: epstopdf-sys.cfg 2010/07/13 v1.3 Configuration of (r)epstopdf for TeX Liv
e
))
Package hyperref Info: Link coloring OFF on input line 24.
\@outlinefile=\write3
\openout3 = `test.out'.


No file test.toc.
\tf@toc=\write4
\openout4 = `test.toc'.


! LaTeX Error: Unicode character ⛔ (U+26D4)
               not set up for use with LaTeX.

See the LaTeX manual or LaTeX Companion for explanation.
Type  H <return>  for immediate help.
 ...                                              
                                                  
l.28 ⛔
         Warning (ox-latex): PDF file produced with errors.
? 
! Emergency stop.
 ...                                              
                                                  
l.28 ⛔
         Warning (ox-latex): PDF file produced with errors.
You may provide a definition with
\DeclareUnicodeCharacter 

 
Here is how much of TeX's memory you used:
 10187 strings out of 469012
 158273 string characters out of 5441572
 547276 words of memory out of 5000000
 38466 multiletter control sequences out of 15000+600000
 629543 words of font info for 45 fonts, out of 8000000 for 9000
 430 hyphenation exceptions out of 8191
 75i,3n,79p,287b,384s stack positions out of 10000i,1000n,20000p,200000b,200000s
!  ==> Fatal error occurred, no output PDF file produced!
